HI-TECH Software 8051-C Compiler V9.60

Linker command line:

--edf=C:\PROGRA~2\HI-TEC~1\HC51\lite\9.60\dat\en_msgs.txt \
  -h+Z:\project1.sym -z -Q8051AH -ol.obj -MZ:\project1.map -E1 \
  -ver=8051-C#V9.60 -ACODE=00h-0FFFh -pvectors=00h \
  -prbit=0/20h,rbss,rdata/CODE,irdata/CODE,idata/rbss -pbss=XDATA/idata \
  -pdata=CODE+100h -pconst=CODE+100h -pstrings=CODE+100h -pnvram=bss,heap \
  C:\Users\class\AppData\Local\Temp\sbmo.obj Z:\main_0.obj \
  C:\PROGRA~2\HI-TEC~1\HC51\lite\9.60\lib\51--nsc.lib 

Object code version is 3.8

Machine type is 8051AH

Call graph:

*start1 size 0,0 offset 0
*    _main size 0,21 offset 0
*        _lcd_init size 0,0 offset 21
*            _delay size 0,4 offset 21
             _lcd_cmd size 0,0 offset 21
         _lcd_cmd size 0,0 offset 21
         _lcd_data size 0,0 offset 21
*        _delay size 0,4 offset 21

		Name          Link     Load   Length Selector Space Scale
C:\Users\class\AppData\Local\Temp\sbmo.obj
		vectors          0        0        3       0     0
		text            44       44       14       0     0
Z:\main_0.obj   data           100      100       11     100     0
		text           111      111      19B     100     0

C:\PROGRA~2\HI-TEC~1\HC51\lite\9.60\lib\51--nsc.lib
powerup.obj     text            58       58        3       0     0
str_cops.obj    text             3        3       41       0     0

COMMON          rbss            20       20       19      20     1

TOTAL		Name          Link     Load   Length
	CLASS	CODE     
		vectors          0        0        3
		data           100      100       11
		text            44       44       14
		text           111      111      19B
		text            58       58        3
		text             3        3       41

	CLASS	DATA     
		rbss            20       20       19

	CLASS	XDATA    

	CLASS	BITSEG   



SEGMENTS	Name		Load	Length	 Top	Selector    Space Class

		vectors         000000	00005B	00005B	       0       0  CODE    
		rbit            000020	000019	000039	      20       1  BITSEG  
		data            000100	0001AC	0002AC	     100       0  CODE    


UNUSED ADDRESS RANGES

	CODE             05B-0FF
	                 2AC-FFF

                                  Symbol Table

?a_delay       rbss    035  ?a_main        rbss    020
__Bbss         bss     039  __Bidata       idata   039
__Birdata      irdata  003  __Brbit        rbit    020
__Brdata       rdata   003  __Hbss         bss     039
__Hcode        code    039  __Hconst       const   100
__Hdata        data    111  __Hheap        heap    039
__Hidata       idata   039  __Hirdata      irdata  039
__Hnvram       nvram   039  __Hrbit        rbit    000
__Hrbss        rbss    039  __Hrdata       rdata   039
__Hstrings     strings 100  __Htext        text    039
__Hvectors     vectors 003  __Lbss         bss     039
__Lcode        code    039  __Lconst       const   100
__Ldata        data    100  __Lheap        heap    039
__Lidata       idata   039  __Lirdata      irdata  039
__Lnvram       nvram   039  __Lrbit        rbit    000
__Lrbss        rbss    020  __Lrdata       rdata   039
__Lstrings     strings 100  __Ltext        text    039
__Lvectors     vectors 000  __S0           (abs)   2AC
_delay         text    111  _exit          text    055
_lcd_cmd       text    13B  _lcd_data      text    149
_lcd_init      text    158  _main          text    17F
intlevel0      (abs)   000  intlevel1      (abs)   000
powerup        text    058  small_model    (abs)   001
stack_internal (abs)   001  start          vectors 000
start1         text    044  str_copy       text    019
str_load       text    019  str_xcopy      text    003
strx_copy      text    019  strx_load      text    019
strx_xcopy     text    003  
