HI-TECH Software 8051-C Compiler V9.60

Linker command line:

--edf=C:\PROGRA~2\HI-TEC~1\HC51\lite\9.60\dat\en_msgs.txt \
  -h+Z:\project1.sym -z -Q8051AH -ol.obj -MZ:\project1.map -E1 \
  -ver=8051-C#V9.60 -ACODE=00h-0FFFh -pvectors=00h \
  -prbit=0/20h,rbss,rdata/CODE,irdata/CODE,idata/rbss -pbss=XDATA/idata \
  -pdata=CODE+100h -pconst=CODE+100h -pstrings=CODE+100h -pnvram=bss,heap \
  C:\Users\class\AppData\Local\Temp\s2n8.obj Z:\main_0.obj \
  C:\PROGRA~2\HI-TEC~1\HC51\lite\9.60\lib\51--nsc.lib 

Object code version is 3.8

Machine type is 8051AH

Call graph:

*start1 size 0,0 offset 0
*    _main size 0,21 offset 0
*        _lcd_init size 0,0 offset 21
*            _delay size 0,4 offset 21
             _lcd_cmd size 0,0 offset 21
         _lcd_cmd size 0,0 offset 21
         _lcd_data size 0,0 offset 21
*        _delay size 0,4 offset 21

		Name          Link     Load   Length Selector Space Scale
C:\Users\class\AppData\Local\Temp\s2n8.obj
		vectors          0        0        3       0     0
		text            B7       B7       14       0     0
Z:\main_0.obj   data           100      100        F     100     0
		text           10F      10F      1A1     100     0

C:\PROGRA~2\HI-TEC~1\HC51\lite\9.60\lib\51--nsc.lib
ldc_byte.obj    text             3        3       73       0     0
powerup.obj     text            CB       CB        3       0     0
str_cops.obj    text            76       76       41       0     0

COMMON          rbss            20       20       19      20     1

TOTAL		Name          Link     Load   Length
	CLASS	CODE     
		vectors          0        0        3
		data           100      100        F
		text            B7       B7       14
		text           10F      10F      1A1
		text             3        3       73
		text            CB       CB        3
		text            76       76       41

	CLASS	DATA     
		rbss            20       20       19

	CLASS	XDATA    

	CLASS	BITSEG   



SEGMENTS	Name		Load	Length	 Top	Selector    Space Class

		vectors         000000	0000CE	0000CE	       0       0  CODE    
		rbit            000020	000019	000039	      20       1  BITSEG  
		data            000100	0001B0	0002B0	     100       0  CODE    


UNUSED ADDRESS RANGES

	CODE             0CE-0FF
	                 2B0-FFF

                                  Symbol Table

?a_delay         rbss    035  ?a_lcd_print_rus rbss    020
?a_main          rbss    020  __Bbss           bss     039
__Bidata         idata   039  __Birdata        irdata  003
__Brbit          rbit    020  __Brdata         rdata   003
__Hbss           bss     039  __Hcode          code    039
__Hconst         const   100  __Hdata          data    10F
__Hheap          heap    039  __Hidata         idata   039
__Hirdata        irdata  039  __Hnvram         nvram   039
__Hrbit          rbit    000  __Hrbss          rbss    039
__Hrdata         rdata   039  __Hstrings       strings 100
__Htext          text    039  __Hvectors       vectors 003
__Lbss           bss     039  __Lcode          code    039
__Lconst         const   100  __Ldata          data    100
__Lheap          heap    039  __Lidata         idata   039
__Lirdata        irdata  039  __Lnvram         nvram   039
__Lrbit          rbit    000  __Lrbss          rbss    020
__Lrdata         rdata   039  __Lstrings       strings 100
__Ltext          text    039  __Lvectors       vectors 000
__S0             (abs)   2B0  _delay           text    10F
_exit            text    0C8  _lcd_cmd         text    139
_lcd_data        text    147  _lcd_init        text    156
_lcd_print_rus   text    17D  _main            text    1AB
intlevel0        (abs)   000  intlevel1        (abs)   000
ldb_r0           text    012  ldb_r1           text    01F
ldb_r2           text    02C  ldb_r3           text    039
ldb_r4           text    046  ldb_r5           text    053
ldb_r6           text    060  ldb_r7           text    06D
ldc_byte         text    003  ldc_r0           text    00E
ldc_r1           text    01B  ldc_r2           text    028
ldc_r3           text    035  ldc_r4           text    042
ldc_r5           text    04F  ldc_r6           text    05C
ldc_r7           text    069  powerup          text    0CB
small_model      (abs)   001  stack_internal   (abs)   001
start            vectors 000  start1           text    0B7
str_copy         text    08C  str_load         text    08C
str_xcopy        text    076  strx_copy        text    08C
strx_load        text    08C  strx_xcopy       text    076
